# FRIDAY v2.0 Runtime Log
## Date: 2026-07-26

## Test Results: ALL 12/12 PASSED

1. Orchestrator + Agent Routing — 8 agents registered ✓
2. Intent Parsing — 8/8 intent types correct ✓
3. Terminal Tool — safe commands OK, dangerous commands blocked ✓
4. Filesystem Tool — write/read/delete all work ✓
5. Git Tool — version 2.55.0 ✓
6. Knowledge Graph — entities + relations ✓
7. Vector Store — keyword search ✓
8. Cost Tracker — usage tracking ✓
9. EventBus — pub/sub with async handlers ✓
10. Full Pipeline — end-to-end: input -> parse -> route -> agent -> output ✓
11. Project Memory — CRUD operations ✓
12. User Profile — get/update ✓

## System Info
- Python: 3.14.6
- Git: 2.55.0
- All dependencies installed (rich, fastapi, uvicorn, httpx, etc.)
- Web server starts on port 8000

## V2.0 Status: COMPLETE
Ready to proceed to v2.1 (First Workers).
